// Vitest Snapshot v1, https://vitest.dev/guide/snapshot.html

exports[`estimate details 2026 dataset > uses final.pdf as a gross control index 1`] = `
[
  {
    "aggregate_total_rub": 221264198,
    "delta_rub": 0,
    "detail_total_rub": 221264198,
    "estimate_row_id": "estimate-2026",
    "id": "final-estimate-gross",
    "source_pdf": "final",
    "source_total_rub": 221264198,
    "status": "verified",
  },
  {
    "aggregate_total_rub": 12851178,
    "delta_rub": 0,
    "detail_total_rub": 12851178,
    "estimate_row_id": "waste-transfer",
    "id": "final-waste-transfer-gross",
    "source_pdf": "final",
    "source_total_rub": 12851178,
    "status": "verified",
  },
  {
    "aggregate_total_rub": 12851178,
    "delta_rub": 0,
    "detail_total_rub": 12851178,
    "estimate_row_id": "waste-transfer-from-homes",
    "id": "final-waste-transfer-from-homes-gross",
    "source_pdf": "final",
    "source_total_rub": 12851178,
    "status": "verified",
  },
  {
    "aggregate_total_rub": 159011858,
    "delta_rub": 1,
    "detail_total_rub": 159011859,
    "estimate_row_id": "cleaning",
    "id": "final-cleaning-gross",
    "source_pdf": "final",
    "source_total_rub": 159011858,
    "status": "needs_check",
  },
  {
    "aggregate_total_rub": 21469119,
    "delta_rub": 0,
    "detail_total_rub": 21469119,
    "estimate_row_id": "cleaning-winter-mechanized",
    "id": "final-cleaning-winter-mechanized-gross",
    "source_pdf": "final",
    "source_total_rub": 21469119,
    "status": "verified",
  },
  {
    "aggregate_total_rub": 3138719,
    "delta_rub": 0,
    "detail_total_rub": 3138719,
    "estimate_row_id": "cleaning-winter-manual",
    "id": "final-cleaning-winter-manual-gross",
    "source_pdf": "final",
    "source_total_rub": 3138719,
    "status": "verified",
  },
  {
    "aggregate_total_rub": 91946088,
    "delta_rub": 0,
    "detail_total_rub": 91946088,
    "estimate_row_id": "cleaning-summer-mechanized",
    "id": "final-cleaning-summer-mechanized-gross",
    "source_pdf": "final",
    "source_total_rub": 91946088,
    "status": "verified",
  },
  {
    "aggregate_total_rub": 42457933,
    "delta_rub": 0,
    "detail_total_rub": 42457933,
    "estimate_row_id": "cleaning-summer-manual",
    "id": "final-cleaning-summer-manual-gross",
    "source_pdf": "final",
    "source_total_rub": 42457933,
    "status": "verified",
  },
  {
    "aggregate_total_rub": 10218079,
    "delta_rub": 0,
    "detail_total_rub": 10218079,
    "estimate_row_id": "landscaping",
    "id": "final-landscaping-gross",
    "source_pdf": "final",
    "source_total_rub": 10218079,
    "status": "verified",
  },
  {
    "aggregate_total_rub": 1816356,
    "delta_rub": 0,
    "detail_total_rub": 1816356,
    "estimate_row_id": "landscaping-mowing-ditches",
    "id": "final-landscaping-mowing-ditches-gross",
    "source_pdf": "final",
    "source_total_rub": 1816356,
    "status": "verified",
  },
  {
    "aggregate_total_rub": 1755909,
    "delta_rub": 0,
    "detail_total_rub": 1755909,
    "estimate_row_id": "landscaping-trees-shrubs",
    "id": "final-landscaping-trees-shrubs-gross",
    "source_pdf": "final",
    "source_total_rub": 1755909,
    "status": "verified",
  },
  {
    "aggregate_total_rub": 6207773,
    "delta_rub": 0,
    "detail_total_rub": 6207773,
    "estimate_row_id": "landscaping-ticks-hogweed",
    "id": "final-landscaping-ticks-hogweed-gross",
    "source_pdf": "final",
    "source_total_rub": 6207773,
    "status": "verified",
  },
  {
    "aggregate_total_rub": 438041,
    "delta_rub": 0,
    "detail_total_rub": 438041,
    "estimate_row_id": "landscaping-forest-care",
    "id": "final-landscaping-forest-care-gross",
    "source_pdf": "final",
    "source_total_rub": 438041,
    "status": "verified",
  },
  {
    "aggregate_total_rub": 4687181,
    "delta_rub": -1,
    "detail_total_rub": 4687180,
    "estimate_row_id": "improvement",
    "id": "final-improvement-gross",
    "source_pdf": "final",
    "source_total_rub": 4687181,
    "status": "needs_check",
  },
  {
    "aggregate_total_rub": 4366756,
    "delta_rub": 0,
    "detail_total_rub": 4366756,
    "estimate_row_id": "improvement-objects-maintenance",
    "id": "final-improvement-objects-maintenance-gross",
    "source_pdf": "final",
    "source_total_rub": 4366756,
    "status": "verified",
  },
  {
    "aggregate_total_rub": 320424,
    "delta_rub": 0,
    "detail_total_rub": 320424,
    "estimate_row_id": "improvement-road-surface-repair",
    "id": "final-improvement-road-surface-repair-gross",
    "source_pdf": "final",
    "source_total_rub": 320424,
    "status": "verified",
  },
  {
    "aggregate_total_rub": 14752949,
    "delta_rub": 1,
    "detail_total_rub": 14752950,
    "estimate_row_id": "security",
    "id": "final-security-gross",
    "source_pdf": "final",
    "source_total_rub": 14752949,
    "status": "needs_check",
  },
  {
    "aggregate_total_rub": 10199356,
    "delta_rub": 0,
    "detail_total_rub": 10199356,
    "estimate_row_id": "security-access-control",
    "id": "final-security-access-control-gross",
    "source_pdf": "final",
    "source_total_rub": 10199356,
    "status": "verified",
  },
  {
    "aggregate_total_rub": 1811185,
    "delta_rub": 0,
    "detail_total_rub": 1811185,
    "estimate_row_id": "security-equipment-maintenance",
    "id": "final-security-equipment-maintenance-gross",
    "source_pdf": "final",
    "source_total_rub": 1811185,
    "status": "verified",
  },
  {
    "aggregate_total_rub": 2742409,
    "delta_rub": 0,
    "detail_total_rub": 2742409,
    "estimate_row_id": "security-dispatch",
    "id": "final-security-dispatch-gross",
    "source_pdf": "final",
    "source_total_rub": 2742409,
    "status": "verified",
  },
  {
    "aggregate_total_rub": 8004368,
    "delta_rub": 0,
    "detail_total_rub": 8004368,
    "estimate_row_id": "waste-operator",
    "id": "final-waste-operator-gross",
    "source_pdf": "final",
    "source_total_rub": 8004368,
    "status": "verified",
  },
  {
    "aggregate_total_rub": 8004368,
    "delta_rub": 0,
    "detail_total_rub": 8004368,
    "estimate_row_id": "waste-operator-service",
    "id": "final-waste-operator-service-gross",
    "source_pdf": "final",
    "source_total_rub": 8004368,
    "status": "verified",
  },
  {
    "aggregate_total_rub": 11738585,
    "delta_rub": 0,
    "detail_total_rub": 11738585,
    "estimate_row_id": "lighting-power",
    "id": "final-lighting-power-gross",
    "source_pdf": "final",
    "source_total_rub": 11738585,
    "status": "verified",
  },
  {
    "aggregate_total_rub": 6670979,
    "delta_rub": 0,
    "detail_total_rub": 6670979,
    "estimate_row_id": "lighting-street-maintenance",
    "id": "final-lighting-street-maintenance-gross",
    "source_pdf": "final",
    "source_total_rub": 6670979,
    "status": "verified",
  },
  {
    "aggregate_total_rub": 1473084,
    "delta_rub": 0,
    "detail_total_rub": 1473084,
    "estimate_row_id": "lighting-electricity",
    "id": "final-lighting-electricity-gross",
    "source_pdf": "final",
    "source_total_rub": 1473084,
    "status": "verified",
  },
  {
    "aggregate_total_rub": 869527,
    "delta_rub": 0,
    "detail_total_rub": 869527,
    "estimate_row_id": "lighting-poles-repair",
    "id": "final-lighting-poles-repair-gross",
    "source_pdf": "final",
    "source_total_rub": 869527,
    "status": "verified",
  },
  {
    "aggregate_total_rub": 2724995,
    "delta_rub": 0,
    "detail_total_rub": 2724995,
    "estimate_row_id": "lighting-power-system-repair",
    "id": "final-lighting-power-system-repair-gross",
    "source_pdf": "final",
    "source_total_rub": 2724995,
    "status": "verified",
  },
]
`;
