// Vitest Snapshot v1, https://vitest.dev/guide/snapshot.html

exports[`estimate2026 baseline data > keeps all official row totals and source refs explicit 1`] = `
[
  {
    "annual_gross": 12851178,
    "id": "waste-transfer-from-homes",
    "section_id": "waste-transfer",
    "source_refs": [
      {
        "fragment": "строка 1.1",
        "page": 1,
        "pdf": "final",
      },
      {
        "fragment": "локальный ресурсный сметный расчет",
        "page": 9,
        "pdf": "waste",
      },
      {
        "fragment": "калькуляция стоимости услуг",
        "page": 13,
        "pdf": "waste",
      },
    ],
    "tariff_per_sotka_month": 52.39,
    "title": "Перемещение мусора из мест временного накопления от частных домовладений на мусорную площадку",
  },
  {
    "annual_gross": 21469119,
    "id": "cleaning-winter-mechanized",
    "section_id": "cleaning",
    "source_refs": [
      {
        "fragment": "строка 2.1",
        "page": 1,
        "pdf": "final",
      },
      {
        "fragment": "итого по разделу зимней механизированной уборки",
        "page": 12,
        "pdf": "cleaning",
      },
    ],
    "tariff_per_sotka_month": 87.53,
    "title": "Зимняя механизированная уборка территории",
  },
  {
    "annual_gross": 3138719,
    "id": "cleaning-winter-manual",
    "section_id": "cleaning",
    "source_refs": [
      {
        "fragment": "строка 2.2",
        "page": 1,
        "pdf": "final",
      },
      {
        "fragment": "итого по разделу зимней ручной уборки",
        "page": 17,
        "pdf": "cleaning",
      },
    ],
    "tariff_per_sotka_month": 12.8,
    "title": "Зимняя ручная уборка территории",
  },
  {
    "annual_gross": 91946088,
    "id": "cleaning-summer-mechanized",
    "section_id": "cleaning",
    "source_refs": [
      {
        "fragment": "строка 2.3",
        "page": 1,
        "pdf": "final",
      },
      {
        "fragment": "итого по разделу летней механизированной уборки",
        "page": 19,
        "pdf": "cleaning",
      },
    ],
    "tariff_per_sotka_month": 374.85,
    "title": "Летняя механизированная уборка",
  },
  {
    "annual_gross": 42457933,
    "id": "cleaning-summer-manual",
    "section_id": "cleaning",
    "source_refs": [
      {
        "fragment": "строка 2.4",
        "page": 1,
        "pdf": "final",
      },
      {
        "fragment": "итого по разделу летней ручной уборки",
        "page": 24,
        "pdf": "cleaning",
      },
    ],
    "tariff_per_sotka_month": 173.09,
    "title": "Летняя ручная уборка территории",
  },
  {
    "annual_gross": 1816356,
    "id": "landscaping-mowing-ditches",
    "section_id": "landscaping",
    "source_refs": [
      {
        "fragment": "строка 3.1",
        "page": 1,
        "pdf": "final",
      },
      {
        "fragment": "итого по разделу кошения травостоя",
        "page": 9,
        "pdf": "landscaping",
      },
    ],
    "tariff_per_sotka_month": 7.4,
    "title": "Кошение травостоя вдоль открытых ливневых траншей",
  },
  {
    "annual_gross": 1755909,
    "id": "landscaping-trees-shrubs",
    "section_id": "landscaping",
    "source_refs": [
      {
        "fragment": "строка 3.2",
        "page": 1,
        "pdf": "final",
      },
      {
        "fragment": "итого по разделу ухода за деревьями",
        "page": 17,
        "pdf": "landscaping",
      },
    ],
    "tariff_per_sotka_month": 7.16,
    "title": "Уход за деревьями, кустарниками",
  },
  {
    "annual_gross": 6207773,
    "id": "landscaping-ticks-hogweed",
    "section_id": "landscaping",
    "source_refs": [
      {
        "fragment": "строка 3.3",
        "page": 2,
        "pdf": "final",
      },
      {
        "fragment": "обработка от клещей и борьба с борщевиком",
        "page": 18,
        "pdf": "landscaping",
      },
    ],
    "tariff_per_sotka_month": 25.31,
    "title": "Обработка территорий от клещей, борьба с борщевиком",
  },
  {
    "annual_gross": 438041,
    "id": "landscaping-forest-care",
    "section_id": "landscaping",
    "source_refs": [
      {
        "fragment": "строка 3.4",
        "page": 2,
        "pdf": "final",
      },
      {
        "fragment": "итого по услуге ухода за лесом",
        "page": 19,
        "pdf": "landscaping",
      },
    ],
    "tariff_per_sotka_month": 1.79,
    "title": "Уход за лесом",
  },
  {
    "annual_gross": 4366756,
    "id": "improvement-objects-maintenance",
    "section_id": "improvement",
    "source_refs": [
      {
        "fragment": "строка 4.1",
        "page": 2,
        "pdf": "final",
      },
      {
        "fragment": "локальный ресурсный сметный расчет",
        "page": 6,
        "pdf": "improvement",
      },
    ],
    "tariff_per_sotka_month": 17.8,
    "title": "Содержание объектов благоустройства",
  },
  {
    "annual_gross": 320424,
    "id": "improvement-road-surface-repair",
    "section_id": "improvement",
    "source_refs": [
      {
        "fragment": "строка 4.2",
        "page": 2,
        "pdf": "final",
      },
      {
        "fragment": "производственная программа, ремонт периметрального ограждения",
        "note": "В детализации благоустройства не найдена строка ремонта покрытия дорог или площадок; сопоставление с этой строкой не подтверждено.",
        "page": 2,
        "pdf": "improvement",
      },
      {
        "fragment": "локальный расчет, замена поврежденных элементов периметрального ограждения",
        "note": "Материалы 298 320 ₽ близки к строке 4.2 после налоговых начислений, но название работ отличается от итоговой сметы.",
        "page": 11,
        "pdf": "improvement",
      },
      {
        "fragment": "локальный расчет, материалы профнастила и итог 298 320 ₽",
        "note": "Страница продолжает строку ремонта периметрального ограждения и подтверждает материальную сумму, использованную в расчете строки.",
        "page": 12,
        "pdf": "improvement",
      },
    ],
    "tariff_per_sotka_month": 1.31,
    "title": "Текущий ремонт покрытия дорог и площадок",
  },
  {
    "annual_gross": 10199356,
    "id": "security-access-control",
    "section_id": "security",
    "source_refs": [
      {
        "fragment": "строка 5.1",
        "page": 2,
        "pdf": "final",
      },
      {
        "fragment": "раздел круглосуточного пропускного режима",
        "page": 5,
        "pdf": "security",
      },
    ],
    "tariff_per_sotka_month": 41.59,
    "title": "Осуществление круглосуточного пропускного режима и поддержание внутриобъектного порядка",
  },
  {
    "annual_gross": 1811185,
    "id": "security-equipment-maintenance",
    "section_id": "security",
    "source_refs": [
      {
        "fragment": "строка 5.2",
        "page": 2,
        "pdf": "final",
      },
      {
        "fragment": "итого по техническому обслуживанию средств охраны",
        "page": 10,
        "pdf": "security",
      },
    ],
    "tariff_per_sotka_month": 7.38,
    "title": "Техническое обслуживание средств охраны",
  },
  {
    "annual_gross": 2742409,
    "id": "security-dispatch",
    "section_id": "security",
    "source_refs": [
      {
        "fragment": "строка 5.3",
        "page": 2,
        "pdf": "final",
      },
      {
        "fragment": "итого по диспетчерскому обслуживанию",
        "page": 11,
        "pdf": "security",
      },
    ],
    "tariff_per_sotka_month": 11.18,
    "title": "Диспетчерское обслуживание",
  },
  {
    "annual_gross": 8004368,
    "id": "waste-operator-service",
    "section_id": "waste-operator",
    "source_refs": [
      {
        "fragment": "строка 6.1",
        "page": 2,
        "pdf": "final",
      },
      {
        "fragment": "локальный ресурсный сметный расчет по работе с региональным оператором",
        "page": 3,
        "pdf": "waste",
      },
      {
        "fragment": "калькуляция стоимости услуг по работе с региональным оператором",
        "page": 5,
        "pdf": "waste",
      },
    ],
    "tariff_per_sotka_month": 32.63,
    "title": "Организация работы с региональным оператором по вывозу мусора",
  },
  {
    "annual_gross": 6670979,
    "id": "lighting-street-maintenance",
    "section_id": "lighting-power",
    "source_refs": [
      {
        "fragment": "строка 7.1",
        "page": 2,
        "pdf": "final",
      },
      {
        "fragment": "обслуживание светильников и кабельных сетей",
        "page": 7,
        "pdf": "lighting",
      },
    ],
    "tariff_per_sotka_month": 27.2,
    "title": "Техническое обслуживание уличного освещения",
  },
  {
    "annual_gross": 1473084,
    "id": "lighting-electricity",
    "section_id": "lighting-power",
    "source_refs": [
      {
        "fragment": "строка 7.2",
        "page": 2,
        "pdf": "final",
      },
      {
        "fragment": "нормативный расчет электроэнергии",
        "page": 6,
        "pdf": "lighting",
      },
      {
        "fragment": "локальный расчет электроэнергии",
        "page": 8,
        "pdf": "lighting",
      },
    ],
    "tariff_per_sotka_month": 6.01,
    "title": "Оплата электроэнергии на уличное освещение",
  },
  {
    "annual_gross": 869527,
    "id": "lighting-poles-repair",
    "section_id": "lighting-power",
    "source_refs": [
      {
        "fragment": "строка 7.3",
        "page": 2,
        "pdf": "final",
      },
      {
        "fragment": "текущий ремонт опор уличного освещения",
        "page": 9,
        "pdf": "lighting",
      },
    ],
    "tariff_per_sotka_month": 3.54,
    "title": "Текущий ремонт опор уличного освещения",
  },
  {
    "annual_gross": 2724995,
    "id": "lighting-power-system-repair",
    "section_id": "lighting-power",
    "source_refs": [
      {
        "fragment": "строка 7.4",
        "page": 2,
        "pdf": "final",
      },
      {
        "fragment": "обслуживание КТП, КРН и трансформаторов",
        "page": 10,
        "pdf": "lighting",
      },
    ],
    "tariff_per_sotka_month": 11.11,
    "title": "Текущий ремонт системы электроснабжения",
  },
]
`;

exports[`estimate2026 baseline data > keeps audited cost breakdown values from detailed PDFs 1`] = `
[
  {
    "contractors": 0,
    "fot": 4782662.3,
    "gross": 12851178,
    "id": "waste-transfer-from-homes",
    "income": 12239217.14,
    "insurance": 1444364.01,
    "machines": 464303.42,
    "machinist_salary": 1364107.2,
    "materials": 0,
    "overhead": 3347863.61,
    "primary_salary": 3418555.1,
    "profit": 1913064.92,
    "section_id": "waste-transfer",
    "usn": 286958.88,
    "vat": 611960.86,
  },
  {
    "contractors": 0,
    "fot": 4998769.96,
    "gross": 21469119,
    "id": "cleaning-winter-mechanized",
    "income": 20446780,
    "insurance": 1509628.52,
    "machines": 7905533.7,
    "machinist_salary": 4998769.96,
    "materials": 181328.76,
    "overhead": 3499138.97,
    "primary_salary": 0,
    "profit": 1999507.98,
    "section_id": "cleaning",
    "usn": 352872.11,
    "vat": 1022339,
  },
  {
    "contractors": 0,
    "fot": 1212248.55,
    "gross": 3138719,
    "id": "cleaning-winter-manual",
    "income": 2989256.19,
    "insurance": 366099.05,
    "machines": 0,
    "machinist_salary": 0,
    "materials": 25846.2,
    "overhead": 848573.98,
    "primary_salary": 1212248.55,
    "profit": 484899.42,
    "section_id": "cleaning",
    "usn": 51588.99,
    "vat": 149462.81,
  },
  {
    "contractors": 0,
    "fot": 20918659.44,
    "gross": 91946088,
    "id": "cleaning-summer-mechanized",
    "income": 87567702.86,
    "insurance": 6317435.15,
    "machines": 35473842.02,
    "machinist_salary": 20918659.44,
    "materials": 335990.88,
    "overhead": 14643061.61,
    "primary_salary": 0,
    "profit": 8367463.78,
    "section_id": "cleaning",
    "usn": 1511249.98,
    "vat": 4378385.14,
  },
  {
    "contractors": 0,
    "fot": 16429653.29,
    "gross": 42457933,
    "id": "cleaning-summer-manual",
    "income": 40436126.67,
    "insurance": 4961755.3,
    "machines": 0,
    "machinist_salary": 0,
    "materials": 274250,
    "overhead": 11500757.3,
    "primary_salary": 16429653.29,
    "profit": 6571861.32,
    "section_id": "cleaning",
    "usn": 697849.46,
    "vat": 2021806.33,
  },
  {
    "contractors": 0,
    "fot": 684354.43,
    "gross": 1816356,
    "id": "landscaping-mowing-ditches",
    "income": 1729862.86,
    "insurance": 206675.04,
    "machines": 61792.83,
    "machinist_salary": 684354.43,
    "materials": 9046,
    "overhead": 479048.1,
    "primary_salary": 0,
    "profit": 273741.77,
    "section_id": "landscaping",
    "usn": 15204.69,
    "vat": 86493.14,
  },
  {
    "contractors": 0,
    "fot": 569065.99,
    "gross": 1755909,
    "id": "landscaping-trees-shrubs",
    "income": 1672294.29,
    "insurance": 171857.92,
    "machines": 259733.8,
    "machinist_salary": 153163.08,
    "materials": 30965.67,
    "overhead": 398346.19,
    "primary_salary": 415902.91,
    "profit": 227626.4,
    "section_id": "landscaping",
    "usn": 14698.32,
    "vat": 83614.71,
  },
  {
    "contractors": 5860200,
    "fot": 0,
    "gross": 6207773,
    "id": "landscaping-ticks-hogweed",
    "income": 5912164.76,
    "insurance": 0,
    "machines": 0,
    "machinist_salary": 0,
    "materials": 0,
    "overhead": 0,
    "primary_salary": 0,
    "profit": 0,
    "section_id": "landscaping",
    "usn": 51964.76,
    "vat": 295608.24,
  },
  {
    "contractors": 0,
    "fot": 172154.56,
    "gross": 438041,
    "id": "landscaping-forest-care",
    "income": 417181.9,
    "insurance": 51990.68,
    "machines": 0,
    "machinist_salary": 0,
    "materials": 0,
    "overhead": 120508.19,
    "primary_salary": 172154.56,
    "profit": 68861.82,
    "section_id": "landscaping",
    "usn": 3666.65,
    "vat": 20859.1,
  },
  {
    "contractors": 0,
    "fot": 1669095.98,
    "gross": 4366756,
    "id": "improvement-objects-maintenance",
    "income": 4158815.24,
    "insurance": 504066.99,
    "machines": 0,
    "machinist_salary": 0,
    "materials": 56347.2,
    "overhead": 1168367.19,
    "primary_salary": 1669095.98,
    "profit": 667638.39,
    "section_id": "improvement",
    "usn": 93299.49,
    "vat": 207940.76,
  },
  {
    "contractors": 0,
    "fot": 0,
    "gross": 320424,
    "id": "improvement-road-surface-repair",
    "income": 305165.71,
    "insurance": 0,
    "machines": 0,
    "machinist_salary": 0,
    "materials": 298320,
    "overhead": 0,
    "primary_salary": 0,
    "profit": 0,
    "section_id": "improvement",
    "usn": 6845.71,
    "vat": 15258.29,
  },
  {
    "contractors": 8640000,
    "fot": 0,
    "gross": 10199356,
    "id": "security-access-control",
    "income": 9713672.38,
    "insurance": 0,
    "machines": 0,
    "machinist_salary": 0,
    "materials": 1008000,
    "overhead": 0,
    "primary_salary": 0,
    "profit": 0,
    "section_id": "security",
    "usn": 65672.38,
    "vat": 485683.62,
  },
  {
    "contractors": 494584.56,
    "fot": 503202.05,
    "gross": 1811185,
    "id": "security-equipment-maintenance",
    "income": 1724938.1,
    "insurance": 151967.02,
    "machines": 0,
    "machinist_salary": 0,
    "materials": 10000,
    "overhead": 352241.43,
    "primary_salary": 503202.05,
    "profit": 201280.82,
    "section_id": "security",
    "usn": 11662.22,
    "vat": 86246.9,
  },
  {
    "contractors": 0,
    "fot": 1080000,
    "gross": 2742409,
    "id": "security-dispatch",
    "income": 2611818.1,
    "insurance": 326160,
    "machines": 0,
    "machinist_salary": 0,
    "materials": 0,
    "overhead": 756000,
    "primary_salary": 1080000,
    "profit": 432000,
    "section_id": "security",
    "usn": 17658.1,
    "vat": 130590.9,
  },
  {
    "contractors": 7623207.58,
    "fot": 0,
    "gross": 8004368,
    "id": "waste-operator-service",
    "income": 7623207.58,
    "insurance": 0,
    "machines": 0,
    "machinist_salary": 0,
    "materials": 0,
    "overhead": 0,
    "primary_salary": 0,
    "profit": 0,
    "section_id": "waste-operator",
    "usn": 0,
    "vat": 381160.42,
  },
  {
    "contractors": 0,
    "fot": 2549913.41,
    "gross": 6670979,
    "id": "lighting-street-maintenance",
    "income": 6353313.33,
    "insurance": 770073.85,
    "machines": 0,
    "machinist_salary": 0,
    "materials": 97820,
    "overhead": 1784939.39,
    "primary_salary": 2549913.41,
    "profit": 1019965.36,
    "section_id": "lighting-power",
    "usn": 130601.32,
    "vat": 317665.67,
  },
  {
    "contractors": 0,
    "fot": 0,
    "gross": 1473084,
    "id": "lighting-electricity",
    "income": 1402937.14,
    "insurance": 0,
    "machines": 0,
    "machinist_salary": 0,
    "materials": 1374097.6,
    "overhead": 0,
    "primary_salary": 0,
    "profit": 0,
    "section_id": "lighting-power",
    "usn": 28839.54,
    "vat": 70146.86,
  },
  {
    "contractors": 0,
    "fot": 222066.98,
    "gross": 869527,
    "id": "lighting-poles-repair",
    "income": 828120.95,
    "insurance": 67064.23,
    "machines": 0,
    "machinist_salary": 0,
    "materials": 277692.8,
    "overhead": 155446.88,
    "primary_salary": 222066.98,
    "profit": 88826.79,
    "section_id": "lighting-power",
    "usn": 17023.27,
    "vat": 41406.05,
  },
  {
    "contractors": 0,
    "fot": 1058236.64,
    "gross": 2724995,
    "id": "lighting-power-system-repair",
    "income": 2595233.33,
    "insurance": 319587.46,
    "machines": 0,
    "machinist_salary": 0,
    "materials": 0,
    "overhead": 740765.64,
    "primary_salary": 1058236.64,
    "profit": 423294.65,
    "section_id": "lighting-power",
    "usn": 53348.94,
    "vat": 129761.67,
  },
]
`;

exports[`estimate2026 baseline data > keeps row sums aligned with section totals within final.pdf rounding 1`] = `
[
  {
    "annual_gross_diff": 0,
    "id": "waste-transfer",
    "row_annual_gross": 12851178,
    "row_tariff_per_sotka_month": 52.39,
    "section_annual_gross": 12851178,
    "section_tariff_per_sotka_month": 52.39,
    "tariff_diff": 0,
  },
  {
    "annual_gross_diff": 1,
    "id": "cleaning",
    "row_annual_gross": 159011859,
    "row_tariff_per_sotka_month": 648.27,
    "section_annual_gross": 159011858,
    "section_tariff_per_sotka_month": 648.27,
    "tariff_diff": 0,
  },
  {
    "annual_gross_diff": 0,
    "id": "landscaping",
    "row_annual_gross": 10218079,
    "row_tariff_per_sotka_month": 41.66,
    "section_annual_gross": 10218079,
    "section_tariff_per_sotka_month": 41.66,
    "tariff_diff": 0,
  },
  {
    "annual_gross_diff": -1,
    "id": "improvement",
    "row_annual_gross": 4687180,
    "row_tariff_per_sotka_month": 19.11,
    "section_annual_gross": 4687181,
    "section_tariff_per_sotka_month": 19.11,
    "tariff_diff": 0,
  },
  {
    "annual_gross_diff": 1,
    "id": "security",
    "row_annual_gross": 14752950,
    "row_tariff_per_sotka_month": 60.15,
    "section_annual_gross": 14752949,
    "section_tariff_per_sotka_month": 60.15,
    "tariff_diff": 0,
  },
  {
    "annual_gross_diff": 0,
    "id": "waste-operator",
    "row_annual_gross": 8004368,
    "row_tariff_per_sotka_month": 32.63,
    "section_annual_gross": 8004368,
    "section_tariff_per_sotka_month": 32.63,
    "tariff_diff": 0,
  },
  {
    "annual_gross_diff": 0,
    "id": "lighting-power",
    "row_annual_gross": 11738585,
    "row_tariff_per_sotka_month": 47.86,
    "section_annual_gross": 11738585,
    "section_tariff_per_sotka_month": 47.86,
    "tariff_diff": 0,
  },
]
`;

exports[`estimate2026 baseline data > keeps section totals from final.pdf 1`] = `
[
  {
    "annual_gross": 12851178,
    "id": "waste-transfer",
    "tariff_per_sotka_month": 52.39,
    "title": "Перемещение мусора от участков собственников на площадку временного размещения",
  },
  {
    "annual_gross": 159011858,
    "id": "cleaning",
    "tariff_per_sotka_month": 648.27,
    "title": "Уборка территории",
  },
  {
    "annual_gross": 10218079,
    "id": "landscaping",
    "tariff_per_sotka_month": 41.66,
    "title": "Озеленение территории",
  },
  {
    "annual_gross": 4687181,
    "id": "improvement",
    "tariff_per_sotka_month": 19.11,
    "title": "Благоустройство территории",
  },
  {
    "annual_gross": 14752949,
    "id": "security",
    "tariff_per_sotka_month": 60.15,
    "title": "Охрана и техническое обслуживание средств охраны",
  },
  {
    "annual_gross": 8004368,
    "id": "waste-operator",
    "tariff_per_sotka_month": 32.63,
    "title": "Организация работы с региональным оператором по вывозу мусора",
  },
  {
    "annual_gross": 11738585,
    "id": "lighting-power",
    "tariff_per_sotka_month": 47.86,
    "title": "Техническое обслуживание уличного освещения и системы электроснабжения",
  },
]
`;

exports[`estimate2026 baseline data > keeps standalone base values where the audit confirmed them 1`] = `
[
  {
    "base": {
      "label": "площадь леса",
      "unit": "м²",
      "value": 129606,
    },
    "id": "landscaping-forest-care",
  },
  {
    "base": {
      "label": "опоры освещения",
      "unit": "м²",
      "value": 1416.8,
    },
    "id": "lighting-poles-repair",
  },
]
`;

exports[`estimate2026 baseline data > keeps the disputed improvement repair source caveat explicit 1`] = `
{
  "annual_gross": 320424,
  "description": "Сопоставление с детализацией не подтверждено: в итоговой смете указано покрытие дорог и площадок, а в детализации благоустройства найдена только близкая по сумме строка ремонта периметрального ограждения. Официальная сумма сохранена по итоговой смете; строку нужно проверить по рабочей книге или у составителя сметы.",
  "materials": 298320,
  "source_refs": [
    {
      "fragment": "строка 4.2",
      "page": 2,
      "pdf": "final",
    },
    {
      "fragment": "производственная программа, ремонт периметрального ограждения",
      "note": "В детализации благоустройства не найдена строка ремонта покрытия дорог или площадок; сопоставление с этой строкой не подтверждено.",
      "page": 2,
      "pdf": "improvement",
    },
    {
      "fragment": "локальный расчет, замена поврежденных элементов периметрального ограждения",
      "note": "Материалы 298 320 ₽ близки к строке 4.2 после налоговых начислений, но название работ отличается от итоговой сметы.",
      "page": 11,
      "pdf": "improvement",
    },
    {
      "fragment": "локальный расчет, материалы профнастила и итог 298 320 ₽",
      "note": "Страница продолжает строку ремонта периметрального ограждения и подтверждает материальную сумму, использованную в расчете строки.",
      "page": 12,
      "pdf": "improvement",
    },
  ],
  "tags": [
    "материалы",
    "требует проверки",
  ],
  "title": "Текущий ремонт покрытия дорог и площадок",
}
`;
